Found cores : 4
Launching worker: 1
vine_worker: creating workspace /tmp/worker-239906-1177987
vine_worker: using 4 cores, 31742 MB memory, 74512 MB disk, 0 gpus
connected to manager cclws21.cse.nd.edu:50055 via local address 129.74.153.214:35804
disconnected from manager cclws21.cse.nd.edu:50055
vine_worker: deleting workspace /tmp/worker-239906-1177987
